// Jest Snapshot v1, https://goo.gl/fbAQLP

exports[`snapshot test for Dashboard 1`] = `
<div>
  <div>
    <h3>
      List of Flash Cards
    </h3>
    <a
      href="/stack"
      onClick={[Function]}
    >
      <h4>
        State Abbreviations
      </h4>
    </a>
    <a
      href="/stack"
      onClick={[Function]}
    >
      <h4>
        Words For Computer Science Basics
      </h4>
    </a>
  </div>
  <hr />
  <a
    href="/stackform"
    onClick={[Function]}
  >
    <h4>
      Create a New Card Stack
    </h4>
  </a>
</div>
`;
