// Jest Snapshot v1, https://goo.gl/fbAQLP

exports[`snapshot test for Stack 1`] = `
<div>
  <h3>
    test title 0
  </h3>
  <br />
  <div
    className="card"
    onClick={[Function]}
  >
    <div
      className="card-prompt"
    >
      <h4>
        test01
      </h4>
    </div>
    <div
      className="card-answer"
    >
      <h4
        className="text-hidden"
      >
        answer01
      </h4>
    </div>
  </div>
  <div
    className="card"
    onClick={[Function]}
  >
    <div
      className="card-prompt"
    >
      <h4>
        test02
      </h4>
    </div>
    <div
      className="card-answer"
    >
      <h4
        className="text-hidden"
      >
        answer02
      </h4>
    </div>
  </div>
</div>
`;
